../Core/Src/main.c:69:5:__io_putchar	16	static
../Core/Src/main.c:75:6:task1LEDBlink	16	static
../Core/Src/main.c:87:6:task2readSensor	16	static
../Core/Src/main.c:110:5:main	56	static
../Core/Src/main.c:196:6:SystemClock_Config	96	static
../Core/Src/main.c:247:13:MX_RTC_Init	32	static
../Core/Src/main.c:311:13:MX_USART2_UART_Init	8	static
../Core/Src/main.c:346:13:MX_GPIO_Init	48	static
../Core/Src/main.c:391:6:StartDefaultTask	16	static
../Core/Src/main.c:406:6:Error_Handler	4	static,ignoring_inline_asm
