../Core/Src/main.c:70:5:__io_putchar	16	static
../Core/Src/main.c:76:6:task1Produce	24	static,ignoring_inline_asm
../Core/Src/main.c:104:6:ProcessID	16	static
../Core/Src/main.c:110:6:task2Consumer	24	static
../Core/Src/main.c:146:5:main	56	static
../Core/Src/main.c:233:6:SystemClock_Config	96	static
../Core/Src/main.c:284:13:MX_RTC_Init	32	static
../Core/Src/main.c:348:13:MX_USART2_UART_Init	8	static
../Core/Src/main.c:383:13:MX_GPIO_Init	48	static
../Core/Src/main.c:428:6:StartDefaultTask	16	static
../Core/Src/main.c:443:6:Error_Handler	4	static,ignoring_inline_asm
