../Core/Src/main.c:111:6:HAL_UART_RxCpltCallback	24	static,ignoring_inline_asm
../Core/Src/main.c:140:6:uart_msg	16	static
../Core/Src/main.c:149:6:Task1_menu_display	24	static
../Core/Src/main.c:160:6:Task2_cmd_handling	24	static
../Core/Src/main.c:183:6:Task3_cmd_processing	72	static
../Core/Src/main.c:224:6:Task4_uart_write	24	static
../Core/Src/main.c:235:9:getCommandCode	16	static
../Core/Src/main.c:241:6:make_led_on	8	static
../Core/Src/main.c:242:6:make_led_off	8	static
../Core/Src/main.c:243:6:led_toggle	8	static
../Core/Src/main.c:246:6:read_led_status	24	static
../Core/Src/main.c:253:6:read_rtc_info	72	static
../Core/Src/main.c:284:6:print_error_message	16	static
../Core/Src/main.c:302:5:main	16	static
../Core/Src/main.c:401:6:SystemClock_Config	96	static
../Core/Src/main.c:452:13:MX_RTC_Init	32	static
../Core/Src/main.c:516:13:MX_USART2_UART_Init	8	static
../Core/Src/main.c:551:13:MX_GPIO_Init	48	static
../Core/Src/main.c:596:6:StartDefaultTask	16	static
../Core/Src/main.c:611:6:Error_Handler	4	static,ignoring_inline_asm
