../Core/Src/16X2_LCD.c:28:6:LCD1602_EnablePulse	8	static
../Core/Src/16X2_LCD.c:36:6:LCD1602_RS	16	static
../Core/Src/16X2_LCD.c:43:6:LCD1602_write	24	static
../Core/Src/16X2_LCD.c:84:6:LCD1602_TIM_Config	40	static
../Core/Src/16X2_LCD.c:118:6:LCD1602_TIM_MicorSecDelay	16	static
../Core/Src/16X2_LCD.c:126:6:LCD1602_writeCommand	16	static
../Core/Src/16X2_LCD.c:134:6:LCD1602_writeData	16	static
../Core/Src/16X2_LCD.c:142:6:LCD1602_write4bitCommand	24	static
../Core/Src/16X2_LCD.c:158:6:LCD1602_Begin8BIT	24	static
../Core/Src/16X2_LCD.c:200:6:LCD1602_Begin4BIT	24	static
../Core/Src/16X2_LCD.c:240:6:LCD1602_print	24	static
../Core/Src/16X2_LCD.c:250:6:LCD1602_setCursor	24	static
../Core/Src/16X2_LCD.c:266:6:LCD1602_1stLine	8	static
../Core/Src/16X2_LCD.c:270:6:LCD1602_2ndLine	8	static
../Core/Src/16X2_LCD.c:275:6:LCD1602_TwoLines	8	static
../Core/Src/16X2_LCD.c:280:6:LCD1602_OneLine	8	static
../Core/Src/16X2_LCD.c:286:6:LCD1602_noCursor	8	static
../Core/Src/16X2_LCD.c:291:6:LCD1602_cursor	8	static
../Core/Src/16X2_LCD.c:297:6:LCD1602_clear	8	static
../Core/Src/16X2_LCD.c:303:6:LCD1602_noBlink	8	static
../Core/Src/16X2_LCD.c:308:6:LCD1602_blink	8	static
../Core/Src/16X2_LCD.c:314:6:LCD1602_noDisplay	8	static
../Core/Src/16X2_LCD.c:319:6:LCD1602_display	8	static
../Core/Src/16X2_LCD.c:325:6:LCD1602_shiftToRight	24	static
../Core/Src/16X2_LCD.c:332:6:LCD1602_shiftToLeft	24	static
../Core/Src/16X2_LCD.c:342:6:LCD1602_PrintInt	32	static
