../Drivers/CMSIS/Include/core_cm4.h:2059:26:ITM_SendChar	16	static,ignoring_inline_asm
../Core/Src/main.c:60:5:_write	32	static
../Core/Src/main.c:75:6:task1LEDHandle	40	static
../Core/Src/main.c:90:6:task2SwitchHandle	16	static
../Core/Src/main.c:102:6:EXTI15_10_IRQHandler	4	static
../Core/Src/main.c:112:5:main	56	static
../Core/Src/main.c:191:6:SystemClock_Config	96	static
../Core/Src/main.c:241:13:MX_USART2_UART_Init	8	static
../Core/Src/main.c:276:13:MX_GPIO_Init	48	static
../Core/Src/main.c:325:6:StartDefaultTask	16	static
../Core/Src/main.c:340:6:Error_Handler	4	static,ignoring_inline_asm
