12:58:25 **** Incremental Build of configuration Debug for project 06_SPI_POLLING ****
make -j8 all 
arm-none-eabi-gcc "../Drivers/STM32L4xx_HAL_Driver/Src/stm32l4xx_hal_spi.c" -mcpu=cortex-m4 -std=gnu11 -g3 -DDEBUG -DUSE_HAL_DRIVER -DSTM32L476xx -c -I../Core/Inc -I../Drivers/CMSIS/Include -I"C:/Users/chara/Downloads/STM 32 documents/Drivers/STM32L4xx_HAL_Driver/Inc" -I"C:/Users/chara/Downloads/STM 32 documents/Drivers/CMSIS/Device/ST/STM32L4xx/Include" -I../Drivers/STM32L4xx_HAL_Driver/Inc -I../Drivers/STM32L4xx_HAL_Driver/Inc/Legacy -I../Drivers/CMSIS/Device/ST/STM32L4xx/Include -O0 -ffunction-sections -fdata-sections -Wall -fstack-usage -fcyclomatic-complexity -MMD -MP -MF"Drivers/STM32L4xx_HAL_Driver/Src/stm32l4xx_hal_spi.d" -MT"Drivers/STM32L4xx_HAL_Driver/Src/stm32l4xx_hal_spi.o" --specs=nano.specs -mfpu=fpv4-sp-d16 -mfloat-abi=hard -mthumb -o "Drivers/STM32L4xx_HAL_Driver/Src/stm32l4xx_hal_spi.o"
arm-none-eabi-gcc -o "06_SPI_POLLING.elf" @"objects.list"   -mcpu=cortex-m4 -T"D:\STM32L476RGT6\06_SPI_POLLING\STM32L476RGTX_FLASH.ld" --specs=nosys.specs -Wl,-Map="06_SPI_POLLING.map" -Wl,--gc-sections -static --specs=nano.specs -mfpu=fpv4-sp-d16 -mfloat-abi=hard -mthumb -Wl,--start-group -lc -lm -Wl,--end-group
Finished building target: 06_SPI_POLLING.elf
 
arm-none-eabi-size  06_SPI_POLLING.elf 
arm-none-eabi-objdump -h -S 06_SPI_POLLING.elf  > "06_SPI_POLLING.list"
   text	   data	    bss	    dec	    hex	filename
   8324	     24	   1680	  10028	   272c	06_SPI_POLLING.elf
Finished building: default.size.stdout
 
Finished building: 06_SPI_POLLING.list
 

12:58:26 Build Finished. 0 errors, 0 warnings. (took 1s.125ms)

