11:54:23 **** Incremental Build of configuration Debug for project 08_ADC_CONT_CONVERSION ****
make -j8 all 
arm-none-eabi-gcc "../Core/Src/main.c" -mcpu=cortex-m4 -std=gnu11 -g3 -DDEBUG -DUSE_HAL_DRIVER -DSTM32L476xx -c -I../Core/Inc -I../Drivers/STM32L4xx_HAL_Driver/Inc -I../Drivers/STM32L4xx_HAL_Driver/Inc/Legacy -I../Drivers/CMSIS/Device/ST/STM32L4xx/Include -I../Drivers/CMSIS/Include -O0 -ffunction-sections -fdata-sections -Wall -fstack-usage -fcyclomatic-complexity -MMD -MP -MF"Core/Src/main.d" -MT"Core/Src/main.o" --specs=nano.specs -mfpu=fpv4-sp-d16 -mfloat-abi=hard -mthumb -o "Core/Src/main.o"
arm-none-eabi-gcc -o "08_ADC_CONT_CONVERSION.elf" @"objects.list"   -mcpu=cortex-m4 -T"D:\STM32L476RGT6\08_ADC_CONT_CONVERSION\STM32L476RGTX_FLASH.ld" --specs=nosys.specs -Wl,-Map="08_ADC_CONT_CONVERSION.map" -Wl,--gc-sections -static --specs=nano.specs -mfpu=fpv4-sp-d16 -mfloat-abi=hard -mthumb -Wl,--start-group -lc -lm -Wl,--end-group
Finished building target: 08_ADC_CONT_CONVERSION.elf
 
arm-none-eabi-size  08_ADC_CONT_CONVERSION.elf 
arm-none-eabi-objdump -h -S 08_ADC_CONT_CONVERSION.elf  > "08_ADC_CONT_CONVERSION.list"
   text	   data	    bss	    dec	    hex	filename
  22524	    104	   2144	  24772	   60c4	08_ADC_CONT_CONVERSION.elf
Finished building: default.size.stdout
 
Finished building: 08_ADC_CONT_CONVERSION.list
 

11:54:24 Build Finished. 0 errors, 0 warnings. (took 1s.135ms)

