15:13:09 **** Incremental Build of configuration Debug for project Blink ****
make -j8 all 
arm-none-eabi-gcc -o "Blink.elf" @"objects.list"   -mcpu=cortex-m4 -T"D:\STM32L476RGT6\Blink\STM32L476RGTX_FLASH.ld" --specs=nosys.specs -Wl,-Map="Blink.map" -Wl,--gc-sections -static --specs=nano.specs -mfpu=fpv4-sp-d16 -mfloat-abi=hard -mthumb -Wl,--start-group -lc -lm -Wl,--end-group
Finished building target: Blink.elf
 
arm-none-eabi-size  Blink.elf 
arm-none-eabi-objdump -h -S Blink.elf  > "Blink.list"
   text	   data	    bss	    dec	    hex	filename
  12512	     12	   1708	  14232	   3798	Blink.elf
Finished building: default.size.stdout
 
Finished building: Blink.list
 

15:13:09 Build Finished. 0 errors, 0 warnings. (took 759ms)

